Microsoft (R) Macro Assembler Version 14.37.32824.0	    12/11/23 23:07:35
lab1.asm						     Page 1 - 1


				﻿.586P
lab1.asm(1) : error A2044:invalid character in file
				.model flat, stdcall
				includelib kernel32.lib

				ExitProcess PROTO :DWORD
				MessageBoxA PROTO : DWORD, : DWORD, : DWORD, : DWORD

				.STACK 4096

 00000000			.CONST

 00000000			.DATA

 00000000 01 02 03 04 05	Arr BYTE 1, 2, 3, 4, 5, 6, 0
	   06 00
 00000007 10 20 30 40		myBytes BYTE 10h, 20h, 30h, 40h
 = 00000000			MB_OK	EQU 0
 0000000B 31 20 00		STR1 DB "1 ", 0
 0000000E 32 20 00		STR2 DB "2 ", 0
 00000011 33 20 00		STR3 DB "3 ", 0
 00000014 00000000		HW		DD ?


 00000000			.CODE

 00000000			main PROC

 00000000			START:
					
 00000000  33 C0			xor eax,eax
 00000002  33 DB		    xor ebx,ebx
 00000004  B9 00000005		    mov ecx,5
				    lea esi,[mass]
lab1.asm(32) : error A2006:undefined symbol : mass
				    mov al,byte ptr[mass]
lab1.asm(33) : error A2006:undefined symbol : mass
 0000001E			l1:    
 0000001E  8A 5E 01		    mov bl,[esi+1]
 00000021  66| 03 C3		    add ax,bx
 00000024  46			    inc esi
 00000025  E2 F7		    loop l1 

 00000027  6A 00			push 0
 00000029  E8 00000000 E		CALL ExitProcess

 0000002E			main ENDP
				end main

						ret
				printconsole endp
				;----------------------------------

				end main
Microsoft (R) Macro Assembler Version 14.37.32824.0	    12/11/23 23:07:35
lab1.asm						     Symbols 2 - 1




Segments and Groups:

                N a m e                 Size     Length   Align   Combine Class

CONST  . . . . . . . . . . . . .	32 Bit	 00000000 Para	  Public  'CONST'	 ReadOnly
FLAT . . . . . . . . . . . . . .	GROUP
STACK  . . . . . . . . . . . . .	32 Bit	 00001000 Para	  Stack	  'STACK'	 
_DATA  . . . . . . . . . . . . .	32 Bit	 00000018 Para	  Public  'DATA'	
_TEXT  . . . . . . . . . . . . .	32 Bit	 0000002E Para	  Public  'CODE'	


Procedures, parameters, and locals:

                N a m e                 Type     Value    Attr

ExitProcess  . . . . . . . . . .	P Near	 00000000 FLAT	Length= 00000000 External STDCALL
MessageBoxA  . . . . . . . . . .	P Near	 00000000 FLAT	Length= 00000000 External STDCALL
main . . . . . . . . . . . . . .	P Near	 00000000 _TEXT	Length= 0000002E Public STDCALL
  START  . . . . . . . . . . . .	L Near	 00000000 _TEXT	
  l1 . . . . . . . . . . . . . .	L Near	 0000001E _TEXT	


Symbols:

                N a m e                 Type     Value    Attr

@CodeSize  . . . . . . . . . . .	Number	 00000000h   
@DataSize  . . . . . . . . . . .	Number	 00000000h   
@Interface . . . . . . . . . . .	Number	 00000003h   
@Model . . . . . . . . . . . . .	Number	 00000007h   
@code  . . . . . . . . . . . . .	Text   	 _TEXT
@data  . . . . . . . . . . . . .	Text   	 FLAT
@fardata?  . . . . . . . . . . .	Text   	 FLAT
@fardata . . . . . . . . . . . .	Text   	 FLAT
@stack . . . . . . . . . . . . .	Text   	 FLAT
Arr  . . . . . . . . . . . . . .	Byte	 00000000 _DATA	
HW . . . . . . . . . . . . . . .	DWord	 00000014 _DATA	
MB_OK  . . . . . . . . . . . . .	Number	 00000000h   
STR1 . . . . . . . . . . . . . .	Byte	 0000000B _DATA	
STR2 . . . . . . . . . . . . . .	Byte	 0000000E _DATA	
STR3 . . . . . . . . . . . . . .	Byte	 00000011 _DATA	
myBytes  . . . . . . . . . . . .	Byte	 00000007 _DATA	

	   0 Warnings
	   3 Errors
